Archive member included to satisfy reference by file (symbol)

c:/st/stm32cubeide_1.4.0/stm32cubeide/plugins/com.st.stm32cube.ide.mcu.externaltools.gnu-tools-for-stm32.7-2018-q2-update.win32_1.4.0.202007081208/tools/bin/../lib/gcc/arm-none-eabi/7.3.1/../../../../arm-none-eabi/lib/thumb/v7e-m/fpv4-sp/hard\libc_nano.a(lib_a-errno.o)
                              Core/Src/syscalls.o (__errno)
c:/st/stm32cubeide_1.4.0/stm32cubeide/plugins/com.st.stm32cube.ide.mcu.externaltools.gnu-tools-for-stm32.7-2018-q2-update.win32_1.4.0.202007081208/tools/bin/../lib/gcc/arm-none-eabi/7.3.1/../../../../arm-none-eabi/lib/thumb/v7e-m/fpv4-sp/hard\libc_nano.a(lib_a-exit.o)
                              c:/st/stm32cubeide_1.4.0/stm32cubeide/plugins/com.st.stm32cube.ide.mcu.externaltools.gnu-tools-for-stm32.7-2018-q2-update.win32_1.4.0.202007081208/tools/bin/../lib/gcc/arm-none-eabi/7.3.1/../../../../arm-none-eabi/lib/thumb/v7e-m/fpv4-sp/hard/crt0.o (exit)
c:/st/stm32cubeide_1.4.0/stm32cubeide/plugins/com.st.stm32cube.ide.mcu.externaltools.gnu-tools-for-stm32.7-2018-q2-update.win32_1.4.0.202007081208/tools/bin/../lib/gcc/arm-none-eabi/7.3.1/../../../../arm-none-eabi/lib/thumb/v7e-m/fpv4-sp/hard\libc_nano.a(lib_a-impure.o)
                              c:/st/stm32cubeide_1.4.0/stm32cubeide/plugins/com.st.stm32cube.ide.mcu.externaltools.gnu-tools-for-stm32.7-2018-q2-update.win32_1.4.0.202007081208/tools/bin/../lib/gcc/arm-none-eabi/7.3.1/../../../../arm-none-eabi/lib/thumb/v7e-m/fpv4-sp/hard\libc_nano.a(lib_a-exit.o) (_global_impure_ptr)
c:/st/stm32cubeide_1.4.0/stm32cubeide/plugins/com.st.stm32cube.ide.mcu.externaltools.gnu-tools-for-stm32.7-2018-q2-update.win32_1.4.0.202007081208/tools/bin/../lib/gcc/arm-none-eabi/7.3.1/../../../../arm-none-eabi/lib/thumb/v7e-m/fpv4-sp/hard\libc_nano.a(lib_a-init.o)
                              c:/st/stm32cubeide_1.4.0/stm32cubeide/plugins/com.st.stm32cube.ide.mcu.externaltools.gnu-tools-for-stm32.7-2018-q2-update.win32_1.4.0.202007081208/tools/bin/../lib/gcc/arm-none-eabi/7.3.1/../../../../arm-none-eabi/lib/thumb/v7e-m/fpv4-sp/hard/crt0.o (__libc_init_array)
c:/st/stm32cubeide_1.4.0/stm32cubeide/plugins/com.st.stm32cube.ide.mcu.externaltools.gnu-tools-for-stm32.7-2018-q2-update.win32_1.4.0.202007081208/tools/bin/../lib/gcc/arm-none-eabi/7.3.1/../../../../arm-none-eabi/lib/thumb/v7e-m/fpv4-sp/hard\libc_nano.a(lib_a-memset.o)
                              c:/st/stm32cubeide_1.4.0/stm32cubeide/plugins/com.st.stm32cube.ide.mcu.externaltools.gnu-tools-for-stm32.7-2018-q2-update.win32_1.4.0.202007081208/tools/bin/../lib/gcc/arm-none-eabi/7.3.1/../../../../arm-none-eabi/lib/thumb/v7e-m/fpv4-sp/hard/crt0.o (memset)
c:/st/stm32cubeide_1.4.0/stm32cubeide/plugins/com.st.stm32cube.ide.mcu.externaltools.gnu-tools-for-stm32.7-2018-q2-update.win32_1.4.0.202007081208/tools/bin/../lib/gcc/arm-none-eabi/7.3.1/thumb/v7e-m/fpv4-sp/hard\libgcc.a(_arm_addsubdf3.o)
                              Core/Src/main.o (__aeabi_dadd)
c:/st/stm32cubeide_1.4.0/stm32cubeide/plugins/com.st.stm32cube.ide.mcu.externaltools.gnu-tools-for-stm32.7-2018-q2-update.win32_1.4.0.202007081208/tools/bin/../lib/gcc/arm-none-eabi/7.3.1/thumb/v7e-m/fpv4-sp/hard\libgcc.a(_arm_muldivdf3.o)
                              Core/Src/main.o (__aeabi_dmul)
c:/st/stm32cubeide_1.4.0/stm32cubeide/plugins/com.st.stm32cube.ide.mcu.externaltools.gnu-tools-for-stm32.7-2018-q2-update.win32_1.4.0.202007081208/tools/bin/../lib/gcc/arm-none-eabi/7.3.1/thumb/v7e-m/fpv4-sp/hard\libgcc.a(_arm_fixunsdfsi.o)
                              Core/Src/main.o (__aeabi_d2uiz)
c:/st/stm32cubeide_1.4.0/stm32cubeide/plugins/com.st.stm32cube.ide.mcu.externaltools.gnu-tools-for-stm32.7-2018-q2-update.win32_1.4.0.202007081208/tools/bin/../lib/gcc/arm-none-eabi/7.3.1/thumb/v7e-m/fpv4-sp/hard\libgcc.a(_aeabi_uldivmod.o)
                              Drivers/STM32L4xx_HAL_Driver/Src/stm32l4xx_hal_uart.o (__aeabi_uldivmod)
c:/st/stm32cubeide_1.4.0/stm32cubeide/plugins/com.st.stm32cube.ide.mcu.externaltools.gnu-tools-for-stm32.7-2018-q2-update.win32_1.4.0.202007081208/tools/bin/../lib/gcc/arm-none-eabi/7.3.1/thumb/v7e-m/fpv4-sp/hard\libgcc.a(_udivmoddi4.o)
                              c:/st/stm32cubeide_1.4.0/stm32cubeide/plugins/com.st.stm32cube.ide.mcu.externaltools.gnu-tools-for-stm32.7-2018-q2-update.win32_1.4.0.202007081208/tools/bin/../lib/gcc/arm-none-eabi/7.3.1/thumb/v7e-m/fpv4-sp/hard\libgcc.a(_aeabi_uldivmod.o) (__udivmoddi4)
c:/st/stm32cubeide_1.4.0/stm32cubeide/plugins/com.st.stm32cube.ide.mcu.externaltools.gnu-tools-for-stm32.7-2018-q2-update.win32_1.4.0.202007081208/tools/bin/../lib/gcc/arm-none-eabi/7.3.1/thumb/v7e-m/fpv4-sp/hard\libgcc.a(_dvmd_tls.o)
                              c:/st/stm32cubeide_1.4.0/stm32cubeide/plugins/com.st.stm32cube.ide.mcu.externaltools.gnu-tools-for-stm32.7-2018-q2-update.win32_1.4.0.202007081208/tools/bin/../lib/gcc/arm-none-eabi/7.3.1/thumb/v7e-m/fpv4-sp/hard\libgcc.a(_aeabi_uldivmod.o) (__aeabi_ldiv0)

Allocating common symbols
[...]
Memory Configuration

Name             Origin             Length             Attributes
RAM              0x0000000020000000 0x0000000000010000 xrw
FLASH            0x0000000008000000 0x0000000000040000 xr
*default*        0x0000000000000000 0xffffffffffffffff

Linker script and memory map

LOAD c:/st/stm32cubeide_1.4.0/stm32cubeide/plugins/com.st.stm32cube.ide.mcu.externaltools.gnu-tools-for-stm32.7-2018-q2-update.win32_1.4.0.202007081208/tools/bin/../lib/gcc/arm-none-eabi/7.3.1/thumb/v7e-m/fpv4-sp/hard/crti.o
LOAD c:/st/stm32cubeide_1.4.0/stm32cubeide/plugins/com.st.stm32cube.ide.mcu.externaltools.gnu-tools-for-stm32.7-2018-q2-update.win32_1.4.0.202007081208/tools/bin/../lib/gcc/arm-none-eabi/7.3.1/thumb/v7e-m/fpv4-sp/hard/crtbegin.o
LOAD c:/st/stm32cubeide_1.4.0/stm32cubeide/plugins/com.st.stm32cube.ide.mcu.externaltools.gnu-tools-for-stm32.7-2018-q2-update.win32_1.4.0.202007081208/tools/bin/../lib/gcc/arm-none-eabi/7.3.1/../../../../arm-none-eabi/lib/thumb/v7e-m/fpv4-sp/hard/crt0.o
LOAD Core/Src/gpio.o
LOAD Core/Src/main.o
LOAD Core/Src/stm32l4xx_hal_msp.o
LOAD Core/Src/stm32l4xx_it.o
LOAD Core/Src/syscalls.o
LOAD Core/Src/sysmem.o
LOAD Core/Src/system_stm32l4xx.o
LOAD Core/Src/tim.o
LOAD Core/Src/usart.o
LOAD Core/Startup/startup_stm32l432kcux.o
LOAD Drivers/STM32L4xx_HAL_Driver/Src/stm32l4xx_hal.o
LOAD Drivers/STM32L4xx_HAL_Driver/Src/stm32l4xx_hal_cortex.o
LOAD Drivers/STM32L4xx_HAL_Driver/Src/stm32l4xx_hal_dma.o
LOAD Drivers/STM32L4xx_HAL_Driver/Src/stm32l4xx_hal_dma_ex.o
LOAD Drivers/STM32L4xx_HAL_Driver/Src/stm32l4xx_hal_exti.o
LOAD Drivers/STM32L4xx_HAL_Driver/Src/stm32l4xx_hal_flash.o
LOAD Drivers/STM32L4xx_HAL_Driver/Src/stm32l4xx_hal_flash_ex.o
LOAD Drivers/STM32L4xx_HAL_Driver/Src/stm32l4xx_hal_flash_ramfunc.o
LOAD Drivers/STM32L4xx_HAL_Driver/Src/stm32l4xx_hal_gpio.o
LOAD Drivers/STM32L4xx_HAL_Driver/Src/stm32l4xx_hal_i2c.o
LOAD Drivers/STM32L4xx_HAL_Driver/Src/stm32l4xx_hal_i2c_ex.o
LOAD Drivers/STM32L4xx_HAL_Driver/Src/stm32l4xx_hal_pwr.o
LOAD Drivers/STM32L4xx_HAL_Driver/Src/stm32l4xx_hal_pwr_ex.o
LOAD Drivers/STM32L4xx_HAL_Driver/Src/stm32l4xx_hal_rcc.o
LOAD Drivers/STM32L4xx_HAL_Driver/Src/stm32l4xx_hal_rcc_ex.o
LOAD Drivers/STM32L4xx_HAL_Driver/Src/stm32l4xx_hal_tim.o
LOAD Drivers/STM32L4xx_HAL_Driver/Src/stm32l4xx_hal_tim_ex.o
LOAD Drivers/STM32L4xx_HAL_Driver/Src/stm32l4xx_hal_uart.o
LOAD Drivers/STM32L4xx_HAL_Driver/Src/stm32l4xx_hal_uart_ex.o
START GROUP
LOAD c:/st/stm32cubeide_1.4.0/stm32cubeide/plugins/com.st.stm32cube.ide.mcu.externaltools.gnu-tools-for-stm32.7-2018-q2-update.win32_1.4.0.202007081208/tools/bin/../lib/gcc/arm-none-eabi/7.3.1/../../../../arm-none-eabi/lib/thumb/v7e-m/fpv4-sp/hard\libc_nano.a
LOAD c:/st/stm32cubeide_1.4.0/stm32cubeide/plugins/com.st.stm32cube.ide.mcu.externaltools.gnu-tools-for-stm32.7-2018-q2-update.win32_1.4.0.202007081208/tools/bin/../lib/gcc/arm-none-eabi/7.3.1/../../../../arm-none-eabi/lib/thumb/v7e-m/fpv4-sp/hard\libm.a
END GROUP
START GROUP
LOAD c:/st/stm32cubeide_1.4.0/stm32cubeide/plugins/com.st.stm32cube.ide.mcu.externaltools.gnu-tools-for-stm32.7-2018-q2-update.win32_1.4.0.202007081208/tools/bin/../lib/gcc/arm-none-eabi/7.3.1/thumb/v7e-m/fpv4-sp/hard\libgcc.a
LOAD c:/st/stm32cubeide_1.4.0/stm32cubeide/plugins/com.st.stm32cube.ide.mcu.externaltools.gnu-tools-for-stm32.7-2018-q2-update.win32_1.4.0.202007081208/tools/bin/../lib/gcc/arm-none-eabi/7.3.1/../../../../arm-none-eabi/lib/thumb/v7e-m/fpv4-sp/hard\libc_nano.a
END GROUP
START GROUP
LOAD c:/st/stm32cubeide_1.4.0/stm32cubeide/plugins/com.st.stm32cube.ide.mcu.externaltools.gnu-tools-for-stm32.7-2018-q2-update.win32_1.4.0.202007081208/tools/bin/../lib/gcc/arm-none-eabi/7.3.1/thumb/v7e-m/fpv4-sp/hard\libgcc.a
LOAD c:/st/stm32cubeide_1.4.0/stm32cubeide/plugins/com.st.stm32cube.ide.mcu.externaltools.gnu-tools-for-stm32.7-2018-q2-update.win32_1.4.0.202007081208/tools/bin/../lib/gcc/arm-none-eabi/7.3.1/../../../../arm-none-eabi/lib/thumb/v7e-m/fpv4-sp/hard\libc_nano.a
LOAD c:/st/stm32cubeide_1.4.0/stm32cubeide/plugins/com.st.stm32cube.ide.mcu.externaltools.gnu-tools-for-stm32.7-2018-q2-update.win32_1.4.0.202007081208/tools/bin/../lib/gcc/arm-none-eabi/7.3.1/../../../../arm-none-eabi/lib/thumb/v7e-m/fpv4-sp/hard\libnosys.a
END GROUP
START GROUP
LOAD c:/st/stm32cubeide_1.4.0/stm32cubeide/plugins/com.st.stm32cube.ide.mcu.externaltools.gnu-tools-for-stm32.7-2018-q2-update.win32_1.4.0.202007081208/tools/bin/../lib/gcc/arm-none-eabi/7.3.1/thumb/v7e-m/fpv4-sp/hard\libgcc.a
LOAD c:/st/stm32cubeide_1.4.0/stm32cubeide/plugins/com.st.stm32cube.ide.mcu.externaltools.gnu-tools-for-stm32.7-2018-q2-update.win32_1.4.0.202007081208/tools/bin/../lib/gcc/arm-none-eabi/7.3.1/../../../../arm-none-eabi/lib/thumb/v7e-m/fpv4-sp/hard\libc_nano.a
LOAD c:/st/stm32cubeide_1.4.0/stm32cubeide/plugins/com.st.stm32cube.ide.mcu.externaltools.gnu-tools-for-stm32.7-2018-q2-update.win32_1.4.0.202007081208/tools/bin/../lib/gcc/arm-none-eabi/7.3.1/../../../../arm-none-eabi/lib/thumb/v7e-m/fpv4-sp/hard\libnosys.a
END GROUP
LOAD c:/st/stm32cubeide_1.4.0/stm32cubeide/plugins/com.st.stm32cube.ide.mcu.externaltools.gnu-tools-for-stm32.7-2018-q2-update.win32_1.4.0.202007081208/tools/bin/../lib/gcc/arm-none-eabi/7.3.1/thumb/v7e-m/fpv4-sp/hard/crtend.o
LOAD c:/st/stm32cubeide_1.4.0/stm32cubeide/plugins/com.st.stm32cube.ide.mcu.externaltools.gnu-tools-for-stm32.7-2018-q2-update.win32_1.4.0.202007081208/tools/bin/../lib/gcc/arm-none-eabi/7.3.1/thumb/v7e-m/fpv4-sp/hard/crtn.o
                0x0000000020010000                _estack = (ORIGIN (RAM) + LENGTH (RAM))
                0x0000000000000200                _Min_Heap_Size = 0x200
                0x0000000000000400                _Min_Stack_Size = 0x400

.isr_vector     0x0000000008000000      0x18c
                0x0000000008000000                . = ALIGN (0x4)
 *(.isr_vector)
 .isr_vector    0x0000000008000000      0x18c Core/Startup/startup_stm32l432kcux.o
                0x0000000008000000                g_pfnVectors
                0x000000000800018c                . = ALIGN (0x4)

.text           0x000000000800018c     0x4464
                0x000000000800018c                . = ALIGN (0x4)
 *(.text)
 .text          0x000000000800018c       0x40 c:/st/stm32cubeide_1.4.0/stm32cubeide/plugins/com.st.stm32cube.ide.mcu.externaltools.gnu-tools-for-stm32.7-2018-q2-update.win32_1.4.0.202007081208/tools/bin/../lib/gcc/arm-none-eabi/7.3.1/thumb/v7e-m/fpv4-sp/hard/crtbegin.o
 .text          0x00000000080001cc      0x378 c:/st/stm32cubeide_1.4.0/stm32cubeide/plugins/com.st.stm32cube.ide.mcu.externaltools.gnu-tools-for-stm32.7-2018-q2-update.win32_1.4.0.202007081208/tools/bin/../lib/gcc/arm-none-eabi/7.3.1/thumb/v7e-m/fpv4-sp/hard\libgcc.a(_arm_addsubdf3.o)
                0x00000000080001cc                __aeabi_drsub
                0x00000000080001d4                __aeabi_dsub
                0x00000000080001d4                __subdf3
                0x00000000080001d8                __aeabi_dadd
                0x00000000080001d8                __adddf3
                0x0000000008000450                __floatunsidf
                0x0000000008000450                __aeabi_ui2d
                0x0000000008000470                __floatsidf
                0x0000000008000470                __aeabi_i2d
                0x0000000008000494                __aeabi_f2d
                0x0000000008000494                __extendsfdf2
                0x00000000080004d8                __floatundidf
                0x00000000080004d8                __aeabi_ul2d
                0x00000000080004e8                __floatdidf
                0x00000000080004e8                __aeabi_l2d
 .text          0x0000000008000544      0x424 c:/st/stm32cubeide_1.4.0/stm32cubeide/plugins/com.st.stm32cube.ide.mcu.externaltools.gnu-tools-for-stm32.7-2018-q2-update.win32_1.4.0.202007081208/tools/bin/../lib/gcc/arm-none-eabi/7.3.1/thumb/v7e-m/fpv4-sp/hard\libgcc.a(_arm_muldivdf3.o)
                0x0000000008000544                __aeabi_dmul
                0x0000000008000544                __muldf3
                0x0000000008000798                __divdf3
                0x0000000008000798                __aeabi_ddiv
 .text          0x0000000008000968       0x40 c:/st/stm32cubeide_1.4.0/stm32cubeide/plugins/com.st.stm32cube.ide.mcu.externaltools.gnu-tools-for-stm32.7-2018-q2-update.win32_1.4.0.202007081208/tools/bin/../lib/gcc/arm-none-eabi/7.3.1/thumb/v7e-m/fpv4-sp/hard\libgcc.a(_arm_fixunsdfsi.o)
                0x0000000008000968                __aeabi_d2uiz
                0x0000000008000968                __fixunsdfsi
 .text          0x00000000080009a8       0x30 c:/st/stm32cubeide_1.4.0/stm32cubeide/plugins/com.st.stm32cube.ide.mcu.externaltools.gnu-tools-for-stm32.7-2018-q2-update.win32_1.4.0.202007081208/tools/bin/../lib/gcc/arm-none-eabi/7.3.1/thumb/v7e-m/fpv4-sp/hard\libgcc.a(_aeabi_uldivmod.o)
                0x00000000080009a8                __aeabi_uldivmod
 .text          0x00000000080009d8      0x2cc c:/st/stm32cubeide_1.4.0/stm32cubeide/plugins/com.st.stm32cube.ide.mcu.externaltools.gnu-tools-for-stm32.7-2018-q2-update.win32_1.4.0.202007081208/tools/bin/../lib/gcc/arm-none-eabi/7.3.1/thumb/v7e-m/fpv4-sp/hard\libgcc.a(_udivmoddi4.o)
                0x00000000080009d8                __udivmoddi4
 .text          0x0000000008000ca4        0x4 c:/st/stm32cubeide_1.4.0/stm32cubeide/plugins/com.st.stm32cube.ide.mcu.externaltools.gnu-tools-for-stm32.7-2018-q2-update.win32_1.4.0.202007081208/tools/bin/../lib/gcc/arm-none-eabi/7.3.1/thumb/v7e-m/fpv4-sp/hard\libgcc.a(_dvmd_tls.o)
                0x0000000008000ca4                __aeabi_idiv0
                0x0000000008000ca4                __aeabi_ldiv0
 *(.text*)
 .text.MX_GPIO_Init
                0x0000000008000ca8       0xfc Core/Src/gpio.o
                0x0000000008000ca8                MX_GPIO_Init
 .text.main     0x0000000008000da4      0x548 Core/Src/main.o
                0x0000000008000da4                main
 .text.SystemClock_Config
                0x00000000080012ec      0x104 Core/Src/main.o
                0x00000000080012ec                SystemClock_Config
 .text.Error_Handler
                0x00000000080013f0        0xe Core/Src/main.o
                0x00000000080013f0                Error_Handler
 *fill*         0x00000000080013fe        0x2 
 .text.HAL_MspInit
                0x0000000008001400       0x48 Core/Src/stm32l4xx_hal_msp.o
                0x0000000008001400                HAL_MspInit
 .text.NMI_Handler
                0x0000000008001448        0xe Core/Src/stm32l4xx_it.o
                0x0000000008001448                NMI_Handler
 .text.HardFault_Handler
                0x0000000008001456        0x6 Core/Src/stm32l4xx_it.o
                0x0000000008001456                HardFault_Handler
 .text.MemManage_Handler
                0x000000000800145c        0x6 Core/Src/stm32l4xx_it.o
                0x000000000800145c                MemManage_Handler
 .text.BusFault_Handler
                0x0000000008001462        0x6 Core/Src/stm32l4xx_it.o
                0x0000000008001462                BusFault_Handler
 .text.UsageFault_Handler
                0x0000000008001468        0x6 Core/Src/stm32l4xx_it.o
                0x0000000008001468                UsageFault_Handler
 .text.SVC_Handler
                0x000000000800146e        0xe Core/Src/stm32l4xx_it.o
                0x000000000800146e                SVC_Handler
 .text.DebugMon_Handler
                0x000000000800147c        0xe Core/Src/stm32l4xx_it.o
                0x000000000800147c                DebugMon_Handler
 .text.PendSV_Handler
                0x000000000800148a        0xe Core/Src/stm32l4xx_it.o
                0x000000000800148a                PendSV_Handler
 .text.SysTick_Handler
                0x0000000008001498        0xc Core/Src/stm32l4xx_it.o
                0x0000000008001498                SysTick_Handler
 .text.SystemInit
                0x00000000080014a4       0x6c Core/Src/system_stm32l4xx.o
                0x00000000080014a4                SystemInit
 .text.MX_TIM1_Init
                0x0000000008001510      0x17c Core/Src/tim.o
                0x0000000008001510                MX_TIM1_Init
 .text.HAL_TIM_PWM_MspInit
                0x000000000800168c       0x40 Core/Src/tim.o
                0x000000000800168c                HAL_TIM_PWM_MspInit
 .text.HAL_TIM_MspPostInit
                0x00000000080016cc       0x70 Core/Src/tim.o
                0x00000000080016cc                HAL_TIM_MspPostInit
 .text.MX_USART2_UART_Init
                0x000000000800173c       0x60 Core/Src/usart.o
                0x000000000800173c                MX_USART2_UART_Init
 .text.HAL_UART_MspInit
                0x000000000800179c       0xa8 Core/Src/usart.o
                0x000000000800179c                HAL_UART_MspInit
 .text.Reset_Handler
                0x0000000008001844       0x50 Core/Startup/startup_stm32l432kcux.o
                0x0000000008001844                Reset_Handler
 .text.Default_Handler
                0x0000000008001894        0x2 Core/Startup/startup_stm32l432kcux.o
                0x0000000008001894                RTC_Alarm_IRQHandler
                0x0000000008001894                EXTI2_IRQHandler
                0x0000000008001894                TIM1_CC_IRQHandler
                0x0000000008001894                TSC_IRQHandler
                0x0000000008001894                TAMP_STAMP_IRQHandler
                0x0000000008001894                EXTI3_IRQHandler
                0x0000000008001894                LPTIM2_IRQHandler
                0x0000000008001894                I2C3_ER_IRQHandler
                0x0000000008001894                EXTI0_IRQHandler
                0x0000000008001894                CAN1_RX0_IRQHandler
                0x0000000008001894                FPU_IRQHandler
                0x0000000008001894                TIM1_UP_TIM16_IRQHandler
                0x0000000008001894                SPI1_IRQHandler
                0x0000000008001894                TIM6_DAC_IRQHandler
                0x0000000008001894                DMA2_Channel2_IRQHandler
                0x0000000008001894                DMA1_Channel4_IRQHandler
                0x0000000008001894                ADC1_IRQHandler
                0x0000000008001894                DMA1_Channel7_IRQHandler
                0x0000000008001894                CAN1_RX1_IRQHandler
                0x0000000008001894                DMA2_Channel1_IRQHandler
                0x0000000008001894                QUADSPI_IRQHandler
                0x0000000008001894                I2C1_EV_IRQHandler
                0x0000000008001894                DMA1_Channel6_IRQHandler
                0x0000000008001894                DMA2_Channel4_IRQHandler
                0x0000000008001894                RCC_IRQHandler
                0x0000000008001894                TIM1_TRG_COM_IRQHandler
                0x0000000008001894                DMA1_Channel1_IRQHandler
                0x0000000008001894                Default_Handler
                0x0000000008001894                DMA2_Channel7_IRQHandler
                0x0000000008001894                EXTI15_10_IRQHandler
                0x0000000008001894                TIM7_IRQHandler
                0x0000000008001894                I2C3_EV_IRQHandler
                0x0000000008001894                USB_IRQHandler
                0x0000000008001894                EXTI9_5_IRQHandler
                0x0000000008001894                RTC_WKUP_IRQHandler
                0x0000000008001894                PVD_PVM_IRQHandler
                0x0000000008001894                CAN1_TX_IRQHandler
                0x0000000008001894                DMA2_Channel5_IRQHandler
                0x0000000008001894                CRS_IRQHandler
                0x0000000008001894                DMA1_Channel5_IRQHandler
                0x0000000008001894                EXTI4_IRQHandler
                0x0000000008001894                RNG_IRQHandler
                0x0000000008001894                DMA1_Channel3_IRQHandler
                0x0000000008001894                COMP_IRQHandler
                0x0000000008001894                WWDG_IRQHandler
                0x0000000008001894                LPUART1_IRQHandler
                0x0000000008001894                DMA2_Channel6_IRQHandler
                0x0000000008001894                TIM2_IRQHandler
                0x0000000008001894                EXTI1_IRQHandler
                0x0000000008001894                USART2_IRQHandler
                0x0000000008001894                DMA1_Channel2_IRQHandler
                0x0000000008001894                CAN1_SCE_IRQHandler
                0x0000000008001894                FLASH_IRQHandler
                0x0000000008001894                USART1_IRQHandler
                0x0000000008001894                SPI3_IRQHandler
                0x0000000008001894                I2C1_ER_IRQHandler
                0x0000000008001894                SWPMI1_IRQHandler
                0x0000000008001894                LPTIM1_IRQHandler
                0x0000000008001894                SAI1_IRQHandler
                0x0000000008001894                DMA2_Channel3_IRQHandler
                0x0000000008001894                TIM1_BRK_TIM15_IRQHandler
 .text.HAL_Init
                0x0000000008001896       0x30 Drivers/STM32L4xx_HAL_Driver/Src/stm32l4xx_hal.o
                0x0000000008001896                HAL_Init
 *fill*         0x00000000080018c6        0x2 
 .text.HAL_InitTick
                0x00000000080018c8       0x78 Drivers/STM32L4xx_HAL_Driver/Src/stm32l4xx_hal.o
                0x00000000080018c8                HAL_InitTick
 .text.HAL_IncTick
                0x0000000008001940       0x28 Drivers/STM32L4xx_HAL_Driver/Src/stm32l4xx_hal.o
                0x0000000008001940                HAL_IncTick
 .text.HAL_GetTick
                0x0000000008001968       0x18 Drivers/STM32L4xx_HAL_Driver/Src/stm32l4xx_hal.o
                0x0000000008001968                HAL_GetTick
 .text.HAL_Delay
                0x0000000008001980       0x44 Drivers/STM32L4xx_HAL_Driver/Src/stm32l4xx_hal.o
                0x0000000008001980                HAL_Delay
 .text.__NVIC_SetPriorityGrouping
                0x00000000080019c4       0x48 Drivers/STM32L4xx_HAL_Driver/Src/stm32l4xx_hal_cortex.o
 .text.__NVIC_GetPriorityGrouping
                0x0000000008001a0c       0x1c Drivers/STM32L4xx_HAL_Driver/Src/stm32l4xx_hal_cortex.o
 .text.__NVIC_SetPriority
                0x0000000008001a28       0x54 Drivers/STM32L4xx_HAL_Driver/Src/stm32l4xx_hal_cortex.o
 .text.NVIC_EncodePriority
                0x0000000008001a7c       0x66 Drivers/STM32L4xx_HAL_Driver/Src/stm32l4xx_hal_cortex.o
 *fill*         0x0000000008001ae2        0x2 
 .text.SysTick_Config
                0x0000000008001ae4       0x44 Drivers/STM32L4xx_HAL_Driver/Src/stm32l4xx_hal_cortex.o
 .text.HAL_NVIC_SetPriorityGrouping
                0x0000000008001b28       0x16 Drivers/STM32L4xx_HAL_Driver/Src/stm32l4xx_hal_cortex.o
                0x0000000008001b28                HAL_NVIC_SetPriorityGrouping
 .text.HAL_NVIC_SetPriority
                0x0000000008001b3e       0x38 Drivers/STM32L4xx_HAL_Driver/Src/stm32l4xx_hal_cortex.o
                0x0000000008001b3e                HAL_NVIC_SetPriority
 .text.HAL_SYSTICK_Config
                0x0000000008001b76       0x18 Drivers/STM32L4xx_HAL_Driver/Src/stm32l4xx_hal_cortex.o
                0x0000000008001b76                HAL_SYSTICK_Config
 *fill*         0x0000000008001b8e        0x2 
 .text.HAL_GPIO_Init
                0x0000000008001b90      0x2d4 Drivers/STM32L4xx_HAL_Driver/Src/stm32l4xx_hal_gpio.o
                0x0000000008001b90                HAL_GPIO_Init
 .text.HAL_GPIO_WritePin
                0x0000000008001e64       0x30 Drivers/STM32L4xx_HAL_Driver/Src/stm32l4xx_hal_gpio.o
                0x0000000008001e64                HAL_GPIO_WritePin
 .text.HAL_PWR_EnableBkUpAccess
                0x0000000008001e94       0x20 Drivers/STM32L4xx_HAL_Driver/Src/stm32l4xx_hal_pwr.o
                0x0000000008001e94                HAL_PWR_EnableBkUpAccess
 .text.HAL_PWREx_GetVoltageRange
                0x0000000008001eb4       0x1c Drivers/STM32L4xx_HAL_Driver/Src/stm32l4xx_hal_pwr_ex.o
                0x0000000008001eb4                HAL_PWREx_GetVoltageRange
 .text.HAL_PWREx_ControlVoltageScaling
                0x0000000008001ed0       0xac Drivers/STM32L4xx_HAL_Driver/Src/stm32l4xx_hal_pwr_ex.o
                0x0000000008001ed0                HAL_PWREx_ControlVoltageScaling
 .text.HAL_RCC_OscConfig
                0x0000000008001f7c      0x840 Drivers/STM32L4xx_HAL_Driver/Src/stm32l4xx_hal_rcc.o
                0x0000000008001f7c                HAL_RCC_OscConfig
 .text.HAL_RCC_ClockConfig
                0x00000000080027bc      0x1c4 Drivers/STM32L4xx_HAL_Driver/Src/stm32l4xx_hal_rcc.o
                0x00000000080027bc                HAL_RCC_ClockConfig
 .text.HAL_RCC_GetSysClockFreq
                0x0000000008002980      0x114 Drivers/STM32L4xx_HAL_Driver/Src/stm32l4xx_hal_rcc.o
                0x0000000008002980                HAL_RCC_GetSysClockFreq
 .text.HAL_RCC_GetHCLKFreq
                0x0000000008002a94       0x18 Drivers/STM32L4xx_HAL_Driver/Src/stm32l4xx_hal_rcc.o
                0x0000000008002a94                HAL_RCC_GetHCLKFreq
 .text.HAL_RCC_GetPCLK1Freq
                0x0000000008002aac       0x2c Drivers/STM32L4xx_HAL_Driver/Src/stm32l4xx_hal_rcc.o
                0x0000000008002aac                HAL_RCC_GetPCLK1Freq
 .text.HAL_RCC_GetPCLK2Freq
                0x0000000008002ad8       0x2c Drivers/STM32L4xx_HAL_Driver/Src/stm32l4xx_hal_rcc.o
                0x0000000008002ad8                HAL_RCC_GetPCLK2Freq
 .text.RCC_SetFlashLatencyFromMSIRange
                0x0000000008002b04       0xc0 Drivers/STM32L4xx_HAL_Driver/Src/stm32l4xx_hal_rcc.o
 .text.HAL_RCCEx_PeriphCLKConfig
                0x0000000008002bc4      0x3e4 Drivers/STM32L4xx_HAL_Driver/Src/stm32l4xx_hal_rcc_ex.o
                0x0000000008002bc4                HAL_RCCEx_PeriphCLKConfig
 .text.HAL_RCCEx_EnableMSIPLLMode
                0x0000000008002fa8       0x20 Drivers/STM32L4xx_HAL_Driver/Src/stm32l4xx_hal_rcc_ex.o
                0x0000000008002fa8                HAL_RCCEx_EnableMSIPLLMode
 .text.RCCEx_PLLSAI1_Config
                0x0000000008002fc8      0x1e0 Drivers/STM32L4xx_HAL_Driver/Src/stm32l4xx_hal_rcc_ex.o
 .text.HAL_TIM_PWM_Init
                0x00000000080031a8       0xae Drivers/STM32L4xx_HAL_Driver/Src/stm32l4xx_hal_tim.o
                0x00000000080031a8                HAL_TIM_PWM_Init
 *fill*         0x0000000008003256        0x2 
 .text.HAL_TIM_PWM_Start
                0x0000000008003258      0x1bc Drivers/STM32L4xx_HAL_Driver/Src/stm32l4xx_hal_tim.o
                0x0000000008003258                HAL_TIM_PWM_Start
 .text.HAL_TIM_PWM_ConfigChannel
                0x0000000008003414      0x220 Drivers/STM32L4xx_HAL_Driver/Src/stm32l4xx_hal_tim.o
                0x0000000008003414                HAL_TIM_PWM_ConfigChannel
 .text.TIM_Base_SetConfig
                0x0000000008003634       0xc8 Drivers/STM32L4xx_HAL_Driver/Src/stm32l4xx_hal_tim.o
                0x0000000008003634                TIM_Base_SetConfig
 .text.TIM_OC1_SetConfig
                0x00000000080036fc       0xf8 Drivers/STM32L4xx_HAL_Driver/Src/stm32l4xx_hal_tim.o
 .text.TIM_OC2_SetConfig
                0x00000000080037f4       0xf4 Drivers/STM32L4xx_HAL_Driver/Src/stm32l4xx_hal_tim.o
                0x00000000080037f4                TIM_OC2_SetConfig
 .text.TIM_OC3_SetConfig
                0x00000000080038e8       0xf0 Drivers/STM32L4xx_HAL_Driver/Src/stm32l4xx_hal_tim.o
 .text.TIM_OC4_SetConfig
                0x00000000080039d8       0xbc Drivers/STM32L4xx_HAL_Driver/Src/stm32l4xx_hal_tim.o
 .text.TIM_OC5_SetConfig
                0x0000000008003a94       0xb0 Drivers/STM32L4xx_HAL_Driver/Src/stm32l4xx_hal_tim.o
 .text.TIM_OC6_SetConfig
                0x0000000008003b44       0xb4 Drivers/STM32L4xx_HAL_Driver/Src/stm32l4xx_hal_tim.o
 .text.TIM_CCxChannelCmd
                0x0000000008003bf8       0x4a Drivers/STM32L4xx_HAL_Driver/Src/stm32l4xx_hal_tim.o
                0x0000000008003bf8                TIM_CCxChannelCmd
 *fill*         0x0000000008003c42        0x2 
 .text.HAL_TIMEx_MasterConfigSynchronization
                0x0000000008003c44       0xcc Drivers/STM32L4xx_HAL_Driver/Src/stm32l4xx_hal_tim_ex.o
                0x0000000008003c44                HAL_TIMEx_MasterConfigSynchronization
 .text.HAL_TIMEx_ConfigBreakDeadTime
                0x0000000008003d10       0xf0 Drivers/STM32L4xx_HAL_Driver/Src/stm32l4xx_hal_tim_ex.o
                0x0000000008003d10                HAL_TIMEx_ConfigBreakDeadTime
 .text.HAL_UART_Init
                0x0000000008003e00       0x9c Drivers/STM32L4xx_HAL_Driver/Src/stm32l4xx_hal_uart.o
                0x0000000008003e00                HAL_UART_Init
 .text.UART_SetConfig
                0x0000000008003e9c      0x420 Drivers/STM32L4xx_HAL_Driver/Src/stm32l4xx_hal_uart.o
                0x0000000008003e9c                UART_SetConfig
 .text.UART_AdvFeatureConfig
                0x00000000080042bc      0x144 Drivers/STM32L4xx_HAL_Driver/Src/stm32l4xx_hal_uart.o
                0x00000000080042bc                UART_AdvFeatureConfig
 .text.UART_CheckIdleState
                0x0000000008004400       0x8a Drivers/STM32L4xx_HAL_Driver/Src/stm32l4xx_hal_uart.o
                0x0000000008004400                UART_CheckIdleState
 .text.UART_WaitOnFlagUntilTimeout
                0x000000000800448a       0xf6 Drivers/STM32L4xx_HAL_Driver/Src/stm32l4xx_hal_uart.o
                0x000000000800448a                UART_WaitOnFlagUntilTimeout
 .text.__libc_init_array
                0x0000000008004580       0x48 c:/st/stm32cubeide_1.4.0/stm32cubeide/plugins/com.st.stm32cube.ide.mcu.externaltools.gnu-tools-for-stm32.7-2018-q2-update.win32_1.4.0.202007081208/tools/bin/../lib/gcc/arm-none-eabi/7.3.1/../../../../arm-none-eabi/lib/thumb/v7e-m/fpv4-sp/hard\libc_nano.a(lib_a-init.o)
                0x0000000008004580                __libc_init_array
 .text.memset   0x00000000080045c8       0x10 c:/st/stm32cubeide_1.4.0/stm32cubeide/plugins/com.st.stm32cube.ide.mcu.externaltools.gnu-tools-for-stm32.7-2018-q2-update.win32_1.4.0.202007081208/tools/bin/../lib/gcc/arm-none-eabi/7.3.1/../../../../arm-none-eabi/lib/thumb/v7e-m/fpv4-sp/hard\libc_nano.a(lib_a-memset.o)
                0x00000000080045c8                memset
 *(.glue_7)
 .glue_7        0x00000000080045d8        0x0 linker stubs
 *(.glue_7t)
 .glue_7t       0x00000000080045d8        0x0 linker stubs
 *(.eh_frame)
 .eh_frame      0x00000000080045d8        0x0 c:/st/stm32cubeide_1.4.0/stm32cubeide/plugins/com.st.stm32cube.ide.mcu.externaltools.gnu-tools-for-stm32.7-2018-q2-update.win32_1.4.0.202007081208/tools/bin/../lib/gcc/arm-none-eabi/7.3.1/thumb/v7e-m/fpv4-sp/hard/crtbegin.o
 *(.init)
 .init          0x00000000080045d8        0x4 c:/st/stm32cubeide_1.4.0/stm32cubeide/plugins/com.st.stm32cube.ide.mcu.externaltools.gnu-tools-for-stm32.7-2018-q2-update.win32_1.4.0.202007081208/tools/bin/../lib/gcc/arm-none-eabi/7.3.1/thumb/v7e-m/fpv4-sp/hard/crti.o
                0x00000000080045d8                _init
 .init          0x00000000080045dc        0x8 c:/st/stm32cubeide_1.4.0/stm32cubeide/plugins/com.st.stm32cube.ide.mcu.externaltools.gnu-tools-for-stm32.7-2018-q2-update.win32_1.4.0.202007081208/tools/bin/../lib/gcc/arm-none-eabi/7.3.1/thumb/v7e-m/fpv4-sp/hard/crtn.o
 *(.fini)
 .fini          0x00000000080045e4        0x4 c:/st/stm32cubeide_1.4.0/stm32cubeide/plugins/com.st.stm32cube.ide.mcu.externaltools.gnu-tools-for-stm32.7-2018-q2-update.win32_1.4.0.202007081208/tools/bin/../lib/gcc/arm-none-eabi/7.3.1/thumb/v7e-m/fpv4-sp/hard/crti.o
                0x00000000080045e4                _fini
 .fini          0x00000000080045e8        0x8 c:/st/stm32cubeide_1.4.0/stm32cubeide/plugins/com.st.stm32cube.ide.mcu.externaltools.gnu-tools-for-stm32.7-2018-q2-update.win32_1.4.0.202007081208/tools/bin/../lib/gcc/arm-none-eabi/7.3.1/thumb/v7e-m/fpv4-sp/hard/crtn.o
                0x00000000080045f0                . = ALIGN (0x4)
                0x00000000080045f0                _etext = .

.vfp11_veneer   0x00000000080045f0        0x0
 .vfp11_veneer  0x00000000080045f0        0x0 linker stubs

.v4_bx          0x00000000080045f0        0x0
 .v4_bx         0x00000000080045f0        0x0 linker stubs

.iplt           0x00000000080045f0        0x0
 .iplt          0x00000000080045f0        0x0 c:/st/stm32cubeide_1.4.0/stm32cubeide/plugins/com.st.stm32cube.ide.mcu.externaltools.gnu-tools-for-stm32.7-2018-q2-update.win32_1.4.0.202007081208/tools/bin/../lib/gcc/arm-none-eabi/7.3.1/thumb/v7e-m/fpv4-sp/hard/crtbegin.o

.rodata         0x00000000080045f0      0x138
                0x00000000080045f0                . = ALIGN (0x4)
 *(.rodata)
 .rodata        0x00000000080045f0       0xf0 Core/Src/main.o
 *(.rodata*)
 .rodata.AHBPrescTable
                0x00000000080046e0       0x10 Core/Src/system_stm32l4xx.o
                0x00000000080046e0                AHBPrescTable
 .rodata.APBPrescTable
                0x00000000080046f0        0x8 Core/Src/system_stm32l4xx.o
                0x00000000080046f0                APBPrescTable
 .rodata.MSIRangeTable
                0x00000000080046f8       0x30 Core/Src/system_stm32l4xx.o
                0x00000000080046f8                MSIRangeTable
                0x0000000008004728                . = ALIGN (0x4)

.ARM.extab      0x0000000008004728        0x0
                0x0000000008004728                . = ALIGN (0x4)
 *(.ARM.extab* .gnu.linkonce.armextab.*)
                0x0000000008004728                . = ALIGN (0x4)

.ARM            0x0000000008004728        0x8
                0x0000000008004728                . = ALIGN (0x4)
                0x0000000008004728                __exidx_start = .
 *(.ARM.exidx*)
 .ARM.exidx     0x0000000008004728        0x8 c:/st/stm32cubeide_1.4.0/stm32cubeide/plugins/com.st.stm32cube.ide.mcu.externaltools.gnu-tools-for-stm32.7-2018-q2-update.win32_1.4.0.202007081208/tools/bin/../lib/gcc/arm-none-eabi/7.3.1/thumb/v7e-m/fpv4-sp/hard\libgcc.a(_udivmoddi4.o)
                0x0000000008004730                __exidx_end = .
                0x0000000008004730                . = ALIGN (0x4)

.rel.dyn        0x0000000008004730        0x0
 .rel.iplt      0x0000000008004730        0x0 c:/st/stm32cubeide_1.4.0/stm32cubeide/plugins/com.st.stm32cube.ide.mcu.externaltools.gnu-tools-for-stm32.7-2018-q2-update.win32_1.4.0.202007081208/tools/bin/../lib/gcc/arm-none-eabi/7.3.1/thumb/v7e-m/fpv4-sp/hard/crtbegin.o

.preinit_array  0x0000000008004730        0x0
                0x0000000008004730                . = ALIGN (0x4)
                0x0000000008004730                PROVIDE (__preinit_array_start = .)
 *(.preinit_array*)
                0x0000000008004730                PROVIDE (__preinit_array_end = .)
                0x0000000008004730                . = ALIGN (0x4)

.init_array     0x0000000008004730        0x4
                0x0000000008004730                . = ALIGN (0x4)
                0x0000000008004730                PROVIDE (__init_array_start = .)
 *(SORT_BY_NAME(.init_array.*))
 *(.init_array*)
 .init_array    0x0000000008004730        0x4 c:/st/stm32cubeide_1.4.0/stm32cubeide/plugins/com.st.stm32cube.ide.mcu.externaltools.gnu-tools-for-stm32.7-2018-q2-update.win32_1.4.0.202007081208/tools/bin/../lib/gcc/arm-none-eabi/7.3.1/thumb/v7e-m/fpv4-sp/hard/crtbegin.o
                0x0000000008004734                PROVIDE (__init_array_end = .)
                0x0000000008004734                . = ALIGN (0x4)

.fini_array     0x0000000008004734        0x4
                0x0000000008004734                . = ALIGN (0x4)
                [!provide]                        PROVIDE (__fini_array_start = .)
 *(SORT_BY_NAME(.fini_array.*))
 *(.fini_array*)
 .fini_array    0x0000000008004734        0x4 c:/st/stm32cubeide_1.4.0/stm32cubeide/plugins/com.st.stm32cube.ide.mcu.externaltools.gnu-tools-for-stm32.7-2018-q2-update.win32_1.4.0.202007081208/tools/bin/../lib/gcc/arm-none-eabi/7.3.1/thumb/v7e-m/fpv4-sp/hard/crtbegin.o
                [!provide]                        PROVIDE (__fini_array_end = .)
                0x0000000008004738                . = ALIGN (0x4)
                0x0000000008004738                _sidata = LOADADDR (.data)

.data           0x0000000020000000        0xc load address 0x0000000008004738
                0x0000000020000000                . = ALIGN (0x4)
                0x0000000020000000                _sdata = .
 *(.data)
 *(.data*)
 .data.SystemCoreClock
                0x0000000020000000        0x4 Core/Src/system_stm32l4xx.o
                0x0000000020000000                SystemCoreClock
 .data.uwTickPrio
                0x0000000020000004        0x4 Drivers/STM32L4xx_HAL_Driver/Src/stm32l4xx_hal.o
                0x0000000020000004                uwTickPrio
 .data.uwTickFreq
                0x0000000020000008        0x1 Drivers/STM32L4xx_HAL_Driver/Src/stm32l4xx_hal.o
                0x0000000020000008                uwTickFreq
                0x000000002000000c                . = ALIGN (0x4)
 *fill*         0x0000000020000009        0x3 
                0x000000002000000c                _edata = .

.igot.plt       0x000000002000000c        0x0 load address 0x0000000008004744
 .igot.plt      0x000000002000000c        0x0 c:/st/stm32cubeide_1.4.0/stm32cubeide/plugins/com.st.stm32cube.ide.mcu.externaltools.gnu-tools-for-stm32.7-2018-q2-update.win32_1.4.0.202007081208/tools/bin/../lib/gcc/arm-none-eabi/7.3.1/thumb/v7e-m/fpv4-sp/hard/crtbegin.o
                0x000000002000000c                . = ALIGN (0x4)

.bss            0x000000002000000c       0xec load address 0x0000000008004744
                0x000000002000000c                _sbss = .
                0x000000002000000c                __bss_start__ = _sbss
 *(.bss)
 .bss           0x000000002000000c       0x1c c:/st/stm32cubeide_1.4.0/stm32cubeide/plugins/com.st.stm32cube.ide.mcu.externaltools.gnu-tools-for-stm32.7-2018-q2-update.win32_1.4.0.202007081208/tools/bin/../lib/gcc/arm-none-eabi/7.3.1/thumb/v7e-m/fpv4-sp/hard/crtbegin.o
 *(.bss*)
 *(COMMON)
 COMMON         0x0000000020000028       0x4c Core/Src/tim.o
                0x0000000020000028                htim1
 COMMON         0x0000000020000074       0x80 Core/Src/usart.o
                0x0000000020000074                huart2
 COMMON         0x00000000200000f4        0x4 Drivers/STM32L4xx_HAL_Driver/Src/stm32l4xx_hal.o
                0x00000000200000f4                uwTick
                0x00000000200000f8                . = ALIGN (0x4)
                0x00000000200000f8                _ebss = .
                0x00000000200000f8                __bss_end__ = _ebss

._user_heap_stack
                0x00000000200000f8      0x600 load address 0x0000000008004744
                0x00000000200000f8                . = ALIGN (0x8)
                [!provide]                        PROVIDE (end = .)
                0x00000000200000f8                PROVIDE (_end = .)
                0x00000000200002f8                . = (. + _Min_Heap_Size)
 *fill*         0x00000000200000f8      0x200 
                0x00000000200006f8                . = (. + _Min_Stack_Size)
 *fill*         0x00000000200002f8      0x400 
                0x00000000200006f8                . = ALIGN (0x8)

/DISCARD/
 libc.a(*)
 libm.a(*)
 libgcc.a(*)

.ARM.attributes
                0x0000000000000000       0x30
 *(.ARM.attributes)
 .ARM.attributes
                0x0000000000000000       0x22 c:/st/stm32cubeide_1.4.0/stm32cubeide/plugins/com.st.stm32cube.ide.mcu.externaltools.gnu-tools-for-stm32.7-2018-q2-update.win32_1.4.0.202007081208/tools/bin/../lib/gcc/arm-none-eabi/7.3.1/thumb/v7e-m/fpv4-sp/hard/crti.o
 .ARM.attributes
                0x0000000000000022       0x34 c:/st/stm32cubeide_1.4.0/stm32cubeide/plugins/com.st.stm32cube.ide.mcu.externaltools.gnu-tools-for-stm32.7-2018-q2-update.win32_1.4.0.202007081208/tools/bin/../lib/gcc/arm-none-eabi/7.3.1/thumb/v7e-m/fpv4-sp/hard/crtbegin.o
 .ARM.attributes
                0x0000000000000056       0x39 Core/Src/gpio.o
 .ARM.attributes
                0x000000000000008f       0x39 Core/Src/main.o
 .ARM.attributes
                0x00000000000000c8       0x39 Core/Src/stm32l4xx_hal_msp.o
 .ARM.attributes
                0x0000000000000101       0x39 Core/Src/stm32l4xx_it.o
 .ARM.attributes
                0x000000000000013a       0x39 Core/Src/system_stm32l4xx.o
 .ARM.attributes
                0x0000000000000173       0x39 Core/Src/tim.o
 .ARM.attributes
                0x00000000000001ac       0x39 Core/Src/usart.o
 .ARM.attributes
                0x00000000000001e5       0x21 Core/Startup/startup_stm32l432kcux.o
 .ARM.attributes
                0x0000000000000206       0x39 Drivers/STM32L4xx_HAL_Driver/Src/stm32l4xx_hal.o
 .ARM.attributes
                0x000000000000023f       0x39 Drivers/STM32L4xx_HAL_Driver/Src/stm32l4xx_hal_cortex.o
 .ARM.attributes
                0x0000000000000278       0x39 Drivers/STM32L4xx_HAL_Driver/Src/stm32l4xx_hal_gpio.o
 .ARM.attributes
                0x00000000000002b1       0x39 Drivers/STM32L4xx_HAL_Driver/Src/stm32l4xx_hal_pwr.o
 .ARM.attributes
                0x00000000000002ea       0x39 Drivers/STM32L4xx_HAL_Driver/Src/stm32l4xx_hal_pwr_ex.o
 .ARM.attributes
                0x0000000000000323       0x39 Drivers/STM32L4xx_HAL_Driver/Src/stm32l4xx_hal_rcc.o
 .ARM.attributes
                0x000000000000035c       0x39 Drivers/STM32L4xx_HAL_Driver/Src/stm32l4xx_hal_rcc_ex.o
 .ARM.attributes
                0x0000000000000395       0x39 Drivers/STM32L4xx_HAL_Driver/Src/stm32l4xx_hal_tim.o
 .ARM.attributes
                0x00000000000003ce       0x39 Drivers/STM32L4xx_HAL_Driver/Src/stm32l4xx_hal_tim_ex.o
 .ARM.attributes
                0x0000000000000407       0x39 Drivers/STM32L4xx_HAL_Driver/Src/stm32l4xx_hal_uart.o
 .ARM.attributes
                0x0000000000000440       0x34 c:/st/stm32cubeide_1.4.0/stm32cubeide/plugins/com.st.stm32cube.ide.mcu.externaltools.gnu-tools-for-stm32.7-2018-q2-update.win32_1.4.0.202007081208/tools/bin/../lib/gcc/arm-none-eabi/7.3.1/../../../../arm-none-eabi/lib/thumb/v7e-m/fpv4-sp/hard\libc_nano.a(lib_a-init.o)
 .ARM.attributes
                0x0000000000000474       0x34 c:/st/stm32cubeide_1.4.0/stm32cubeide/plugins/com.st.stm32cube.ide.mcu.externaltools.gnu-tools-for-stm32.7-2018-q2-update.win32_1.4.0.202007081208/tools/bin/../lib/gcc/arm-none-eabi/7.3.1/../../../../arm-none-eabi/lib/thumb/v7e-m/fpv4-sp/hard\libc_nano.a(lib_a-memset.o)
 .ARM.attributes
                0x00000000000004a8       0x22 c:/st/stm32cubeide_1.4.0/stm32cubeide/plugins/com.st.stm32cube.ide.mcu.externaltools.gnu-tools-for-stm32.7-2018-q2-update.win32_1.4.0.202007081208/tools/bin/../lib/gcc/arm-none-eabi/7.3.1/thumb/v7e-m/fpv4-sp/hard\libgcc.a(_arm_addsubdf3.o)
 .ARM.attributes
                0x00000000000004ca       0x22 c:/st/stm32cubeide_1.4.0/stm32cubeide/plugins/com.st.stm32cube.ide.mcu.externaltools.gnu-tools-for-stm32.7-2018-q2-update.win32_1.4.0.202007081208/tools/bin/../lib/gcc/arm-none-eabi/7.3.1/thumb/v7e-m/fpv4-sp/hard\libgcc.a(_arm_muldivdf3.o)
 .ARM.attributes
                0x00000000000004ec       0x22 c:/st/stm32cubeide_1.4.0/stm32cubeide/plugins/com.st.stm32cube.ide.mcu.externaltools.gnu-tools-for-stm32.7-2018-q2-update.win32_1.4.0.202007081208/tools/bin/../lib/gcc/arm-none-eabi/7.3.1/thumb/v7e-m/fpv4-sp/hard\libgcc.a(_arm_fixunsdfsi.o)
 .ARM.attributes
                0x000000000000050e       0x22 c:/st/stm32cubeide_1.4.0/stm32cubeide/plugins/com.st.stm32cube.ide.mcu.externaltools.gnu-tools-for-stm32.7-2018-q2-update.win32_1.4.0.202007081208/tools/bin/../lib/gcc/arm-none-eabi/7.3.1/thumb/v7e-m/fpv4-sp/hard\libgcc.a(_aeabi_uldivmod.o)
 .ARM.attributes
                0x0000000000000530       0x34 c:/st/stm32cubeide_1.4.0/stm32cubeide/plugins/com.st.stm32cube.ide.mcu.externaltools.gnu-tools-for-stm32.7-2018-q2-update.win32_1.4.0.202007081208/tools/bin/../lib/gcc/arm-none-eabi/7.3.1/thumb/v7e-m/fpv4-sp/hard\libgcc.a(_udivmoddi4.o)
 .ARM.attributes
                0x0000000000000564       0x22 c:/st/stm32cubeide_1.4.0/stm32cubeide/plugins/com.st.stm32cube.ide.mcu.externaltools.gnu-tools-for-stm32.7-2018-q2-update.win32_1.4.0.202007081208/tools/bin/../lib/gcc/arm-none-eabi/7.3.1/thumb/v7e-m/fpv4-sp/hard\libgcc.a(_dvmd_tls.o)
 .ARM.attributes
                0x0000000000000586       0x22 c:/st/stm32cubeide_1.4.0/stm32cubeide/plugins/com.st.stm32cube.ide.mcu.externaltools.gnu-tools-for-stm32.7-2018-q2-update.win32_1.4.0.202007081208/tools/bin/../lib/gcc/arm-none-eabi/7.3.1/thumb/v7e-m/fpv4-sp/hard/crtn.o
OUTPUT(CheckerBOT.elf elf32-littlearm)

.debug_info     0x0000000000000000     0xf884
 .debug_info    0x0000000000000000      0x679 Core/Src/gpio.o
 .debug_info    0x0000000000000679     0x1a18 Core/Src/main.o
 .debug_info    0x0000000000002091      0x506 Core/Src/stm32l4xx_hal_msp.o
 .debug_info    0x0000000000002597      0x349 Core/Src/stm32l4xx_it.o
 .debug_info    0x00000000000028e0      0x734 Core/Src/system_stm32l4xx.o
 .debug_info    0x0000000000003014      0xdaf Core/Src/tim.o
 .debug_info    0x0000000000003dc3      0xbab Core/Src/usart.o
 .debug_info    0x000000000000496e       0x22 Core/Startup/startup_stm32l432kcux.o
 .debug_info    0x0000000000004990      0xad1 Drivers/STM32L4xx_HAL_Driver/Src/stm32l4xx_hal.o
 .debug_info    0x0000000000005461      0xeef Drivers/STM32L4xx_HAL_Driver/Src/stm32l4xx_hal_cortex.o
 .debug_info    0x0000000000006350      0x9c2 Drivers/STM32L4xx_HAL_Driver/Src/stm32l4xx_hal_gpio.o
 .debug_info    0x0000000000006d12      0xa9e Drivers/STM32L4xx_HAL_Driver/Src/stm32l4xx_hal_pwr.o
 .debug_info    0x00000000000077b0      0xadb Drivers/STM32L4xx_HAL_Driver/Src/stm32l4xx_hal_pwr_ex.o
 .debug_info    0x000000000000828b      0xcde Drivers/STM32L4xx_HAL_Driver/Src/stm32l4xx_hal_rcc.o
 .debug_info    0x0000000000008f69      0xfff Drivers/STM32L4xx_HAL_Driver/Src/stm32l4xx_hal_rcc_ex.o
 .debug_info    0x0000000000009f68     0x2a61 Drivers/STM32L4xx_HAL_Driver/Src/stm32l4xx_hal_tim.o
 .debug_info    0x000000000000c9c9     0x167e Drivers/STM32L4xx_HAL_Driver/Src/stm32l4xx_hal_tim_ex.o
 .debug_info    0x000000000000e047     0x183d Drivers/STM32L4xx_HAL_Driver/Src/stm32l4xx_hal_uart.o

.debug_abbrev   0x0000000000000000     0x1efb
 .debug_abbrev  0x0000000000000000      0x134 Core/Src/gpio.o
 .debug_abbrev  0x0000000000000134      0x233 Core/Src/main.o
 .debug_abbrev  0x0000000000000367      0x125 Core/Src/stm32l4xx_hal_msp.o
 .debug_abbrev  0x000000000000048c       0xe2 Core/Src/stm32l4xx_it.o
 .debug_abbrev  0x000000000000056e      0x150 Core/Src/system_stm32l4xx.o
 .debug_abbrev  0x00000000000006be      0x1b9 Core/Src/tim.o
 .debug_abbrev  0x0000000000000877      0x199 Core/Src/usart.o
 .debug_abbrev  0x0000000000000a10       0x12 Core/Startup/startup_stm32l432kcux.o
 .debug_abbrev  0x0000000000000a22      0x1e1 Drivers/STM32L4xx_HAL_Driver/Src/stm32l4xx_hal.o
 .debug_abbrev  0x0000000000000c03      0x2fa Drivers/STM32L4xx_HAL_Driver/Src/stm32l4xx_hal_cortex.o
 .debug_abbrev  0x0000000000000efd      0x1c0 Drivers/STM32L4xx_HAL_Driver/Src/stm32l4xx_hal_gpio.o
 .debug_abbrev  0x00000000000010bd      0x18b Drivers/STM32L4xx_HAL_Driver/Src/stm32l4xx_hal_pwr.o
 .debug_abbrev  0x0000000000001248      0x1cb Drivers/STM32L4xx_HAL_Driver/Src/stm32l4xx_hal_pwr_ex.o
 .debug_abbrev  0x0000000000001413      0x245 Drivers/STM32L4xx_HAL_Driver/Src/stm32l4xx_hal_rcc.o
 .debug_abbrev  0x0000000000001658      0x238 Drivers/STM32L4xx_HAL_Driver/Src/stm32l4xx_hal_rcc_ex.o
 .debug_abbrev  0x0000000000001890      0x230 Drivers/STM32L4xx_HAL_Driver/Src/stm32l4xx_hal_tim.o
 .debug_abbrev  0x0000000000001ac0      0x236 Drivers/STM32L4xx_HAL_Driver/Src/stm32l4xx_hal_tim_ex.o
 .debug_abbrev  0x0000000000001cf6      0x205 Drivers/STM32L4xx_HAL_Driver/Src/stm32l4xx_hal_uart.o

.debug_aranges  0x0000000000000000      0xea8
 .debug_aranges
                0x0000000000000000       0x20 Core/Src/gpio.o
 .debug_aranges
                0x0000000000000020       0x30 Core/Src/main.o
 .debug_aranges
                0x0000000000000050       0x20 Core/Src/stm32l4xx_hal_msp.o
 .debug_aranges
                0x0000000000000070       0x60 Core/Src/stm32l4xx_it.o
 .debug_aranges
                0x00000000000000d0       0x28 Core/Src/system_stm32l4xx.o
 .debug_aranges
                0x00000000000000f8       0x38 Core/Src/tim.o
 .debug_aranges
                0x0000000000000130       0x30 Core/Src/usart.o
 .debug_aranges
                0x0000000000000160       0x28 Core/Startup/startup_stm32l432kcux.o
 .debug_aranges
                0x0000000000000188      0x108 Drivers/STM32L4xx_HAL_Driver/Src/stm32l4xx_hal.o
 .debug_aranges
                0x0000000000000290      0x118 Drivers/STM32L4xx_HAL_Driver/Src/stm32l4xx_hal_cortex.o
 .debug_aranges
                0x00000000000003a8       0x58 Drivers/STM32L4xx_HAL_Driver/Src/stm32l4xx_hal_gpio.o
 .debug_aranges
                0x0000000000000400       0x98 Drivers/STM32L4xx_HAL_Driver/Src/stm32l4xx_hal_pwr.o
 .debug_aranges
                0x0000000000000498      0x128 Drivers/STM32L4xx_HAL_Driver/Src/stm32l4xx_hal_pwr_ex.o
 .debug_aranges
                0x00000000000005c0       0x88 Drivers/STM32L4xx_HAL_Driver/Src/stm32l4xx_hal_rcc.o
 .debug_aranges
                0x0000000000000648       0xf0 Drivers/STM32L4xx_HAL_Driver/Src/stm32l4xx_hal_rcc_ex.o
 .debug_aranges
                0x0000000000000738      0x3e0 Drivers/STM32L4xx_HAL_Driver/Src/stm32l4xx_hal_tim.o
 .debug_aranges
                0x0000000000000b18      0x180 Drivers/STM32L4xx_HAL_Driver/Src/stm32l4xx_hal_tim_ex.o
 .debug_aranges
                0x0000000000000c98      0x210 Drivers/STM32L4xx_HAL_Driver/Src/stm32l4xx_hal_uart.o

.debug_ranges   0x0000000000000000      0xd90
 .debug_ranges  0x0000000000000000       0x10 Core/Src/gpio.o
 .debug_ranges  0x0000000000000010       0x20 Core/Src/main.o
 .debug_ranges  0x0000000000000030       0x10 Core/Src/stm32l4xx_hal_msp.o
 .debug_ranges  0x0000000000000040       0x50 Core/Src/stm32l4xx_it.o
 .debug_ranges  0x0000000000000090       0x18 Core/Src/system_stm32l4xx.o
 .debug_ranges  0x00000000000000a8       0x28 Core/Src/tim.o
 .debug_ranges  0x00000000000000d0       0x20 Core/Src/usart.o
 .debug_ranges  0x00000000000000f0       0x20 Core/Startup/startup_stm32l432kcux.o
 .debug_ranges  0x0000000000000110       0xf8 Drivers/STM32L4xx_HAL_Driver/Src/stm32l4xx_hal.o
 .debug_ranges  0x0000000000000208      0x108 Drivers/STM32L4xx_HAL_Driver/Src/stm32l4xx_hal_cortex.o
 .debug_ranges  0x0000000000000310       0x48 Drivers/STM32L4xx_HAL_Driver/Src/stm32l4xx_hal_gpio.o
 .debug_ranges  0x0000000000000358       0x88 Drivers/STM32L4xx_HAL_Driver/Src/stm32l4xx_hal_pwr.o
 .debug_ranges  0x00000000000003e0      0x118 Drivers/STM32L4xx_HAL_Driver/Src/stm32l4xx_hal_pwr_ex.o
 .debug_ranges  0x00000000000004f8       0x78 Drivers/STM32L4xx_HAL_Driver/Src/stm32l4xx_hal_rcc.o
 .debug_ranges  0x0000000000000570       0xe0 Drivers/STM32L4xx_HAL_Driver/Src/stm32l4xx_hal_rcc_ex.o
 .debug_ranges  0x0000000000000650      0x3d0 Drivers/STM32L4xx_HAL_Driver/Src/stm32l4xx_hal_tim.o
 .debug_ranges  0x0000000000000a20      0x170 Drivers/STM32L4xx_HAL_Driver/Src/stm32l4xx_hal_tim_ex.o
 .debug_ranges  0x0000000000000b90      0x200 Drivers/STM32L4xx_HAL_Driver/Src/stm32l4xx_hal_uart.o

.debug_macro    0x0000000000000000    0x21562
 .debug_macro   0x0000000000000000      0x1f2 Core/Src/gpio.o
 .debug_macro   0x00000000000001f2      0xa5a Core/Src/gpio.o
 .debug_macro   0x0000000000000c4c      0x1ad Core/Src/gpio.o
 .debug_macro   0x0000000000000df9       0x2e Core/Src/gpio.o
 .debug_macro   0x0000000000000e27       0x28 Core/Src/gpio.o
 .debug_macro   0x0000000000000e4f       0x22 Core/Src/gpio.o
 .debug_macro   0x0000000000000e71       0x8e Core/Src/gpio.o
 .debug_macro   0x0000000000000eff       0x51 Core/Src/gpio.o
 .debug_macro   0x0000000000000f50       0xef Core/Src/gpio.o
 .debug_macro   0x000000000000103f       0x6a Core/Src/gpio.o
 .debug_macro   0x00000000000010a9      0x1df Core/Src/gpio.o
 .debug_macro   0x0000000000001288       0x1c Core/Src/gpio.o
 .debug_macro   0x00000000000012a4       0x22 Core/Src/gpio.o
 .debug_macro   0x00000000000012c6      0x101 Core/Src/gpio.o
 .debug_macro   0x00000000000013c7     0x1011 Core/Src/gpio.o
 .debug_macro   0x00000000000023d8      0x11f Core/Src/gpio.o
 .debug_macro   0x00000000000024f7    0x147b4 Core/Src/gpio.o
 .debug_macro   0x0000000000016cab       0x43 Core/Src/gpio.o
 .debug_macro   0x0000000000016cee     0x3890 Core/Src/gpio.o
 .debug_macro   0x000000000001a57e      0x174 Core/Src/gpio.o
 .debug_macro   0x000000000001a6f2       0x5c Core/Src/gpio.o
 .debug_macro   0x000000000001a74e     0x118b Core/Src/gpio.o
 .debug_macro   0x000000000001b8d9      0x535 Core/Src/gpio.o
 .debug_macro   0x000000000001be0e      0x13d Core/Src/gpio.o
 .debug_macro   0x000000000001bf4b      0x122 Core/Src/gpio.o
 .debug_macro   0x000000000001c06d      0x26b Core/Src/gpio.o
 .debug_macro   0x000000000001c2d8      0x23d Core/Src/gpio.o
 .debug_macro   0x000000000001c515      0x241 Core/Src/gpio.o
 .debug_macro   0x000000000001c756      0x375 Core/Src/gpio.o
 .debug_macro   0x000000000001cacb       0xd6 Core/Src/gpio.o
 .debug_macro   0x000000000001cba1      0x22c Core/Src/gpio.o
 .debug_macro   0x000000000001cdcd       0x61 Core/Src/gpio.o
 .debug_macro   0x000000000001ce2e       0xa5 Core/Src/gpio.o
 .debug_macro   0x000000000001ced3      0x122 Core/Src/gpio.o
 .debug_macro   0x000000000001cff5      0x357 Core/Src/gpio.o
 .debug_macro   0x000000000001d34c      0xa75 Core/Src/gpio.o
 .debug_macro   0x000000000001ddc1      0x12e Core/Src/gpio.o
 .debug_macro   0x000000000001deef      0x59e Core/Src/gpio.o
 .debug_macro   0x000000000001e48d       0x44 Core/Src/gpio.o
 .debug_macro   0x000000000001e4d1      0x221 Core/Src/gpio.o
 .debug_macro   0x000000000001e6f2       0x4c Core/Src/gpio.o
 .debug_macro   0x000000000001e73e      0x3d7 Core/Src/main.o
 .debug_macro   0x000000000001eb15       0x46 Core/Src/main.o
 .debug_macro   0x000000000001eb5b       0x18 Core/Src/main.o
 .debug_macro   0x000000000001eb73       0x3c Core/Src/main.o
 .debug_macro   0x000000000001ebaf       0x34 Core/Src/main.o
 .debug_macro   0x000000000001ebe3       0x52 Core/Src/main.o
 .debug_macro   0x000000000001ec35       0x1f Core/Src/main.o
 .debug_macro   0x000000000001ec54       0x43 Core/Src/main.o
 .debug_macro   0x000000000001ec97       0x20 Core/Src/main.o
 .debug_macro   0x000000000001ecb7      0x1a3 Core/Src/main.o
 .debug_macro   0x000000000001ee5a      0x32a Core/Src/main.o
 .debug_macro   0x000000000001f184       0x10 Core/Src/main.o
 .debug_macro   0x000000000001f194       0x35 Core/Src/main.o
 .debug_macro   0x000000000001f1c9       0x20 Core/Src/main.o
 .debug_macro   0x000000000001f1e9       0x16 Core/Src/main.o
 .debug_macro   0x000000000001f1ff       0x16 Core/Src/main.o
 .debug_macro   0x000000000001f215       0x29 Core/Src/main.o
 .debug_macro   0x000000000001f23e       0x1c Core/Src/main.o
 .debug_macro   0x000000000001f25a       0x10 Core/Src/main.o
 .debug_macro   0x000000000001f26a       0x10 Core/Src/main.o
 .debug_macro   0x000000000001f27a       0x1c Core/Src/main.o
 .debug_macro   0x000000000001f296       0x52 Core/Src/main.o
 .debug_macro   0x000000000001f2e8       0x40 Core/Src/main.o
 .debug_macro   0x000000000001f328       0x10 Core/Src/main.o
 .debug_macro   0x000000000001f338       0x40 Core/Src/main.o
 .debug_macro   0x000000000001f378       0xd7 Core/Src/main.o
 .debug_macro   0x000000000001f44f       0x1c Core/Src/main.o
 .debug_macro   0x000000000001f46b       0x3d Core/Src/main.o
 .debug_macro   0x000000000001f4a8       0x16 Core/Src/main.o
 .debug_macro   0x000000000001f4be      0x145 Core/Src/main.o
 .debug_macro   0x000000000001f603      0x1e1 Core/Src/main.o
 .debug_macro   0x000000000001f7e4      0x1e8 Core/Src/stm32l4xx_hal_msp.o
 .debug_macro   0x000000000001f9cc      0x1f2 Core/Src/stm32l4xx_it.o
 .debug_macro   0x000000000001fbbe      0x1df Core/Src/system_stm32l4xx.o
 .debug_macro   0x000000000001fd9d      0x1f2 Core/Src/tim.o
 .debug_macro   0x000000000001ff8f      0x1f2 Core/Src/usart.o
 .debug_macro   0x0000000000020181      0x221 Drivers/STM32L4xx_HAL_Driver/Src/stm32l4xx_hal.o
 .debug_macro   0x00000000000203a2      0x1d9 Drivers/STM32L4xx_HAL_Driver/Src/stm32l4xx_hal_cortex.o
 .debug_macro   0x000000000002057b      0x218 Drivers/STM32L4xx_HAL_Driver/Src/stm32l4xx_hal_gpio.o
 .debug_macro   0x0000000000020793      0x1f1 Drivers/STM32L4xx_HAL_Driver/Src/stm32l4xx_hal_pwr.o
 .debug_macro   0x0000000000020984      0x1fd Drivers/STM32L4xx_HAL_Driver/Src/stm32l4xx_hal_pwr_ex.o
 .debug_macro   0x0000000000020b81      0x21b Drivers/STM32L4xx_HAL_Driver/Src/stm32l4xx_hal_rcc.o
 .debug_macro   0x0000000000020d9c      0x20f Drivers/STM32L4xx_HAL_Driver/Src/stm32l4xx_hal_rcc_ex.o
 .debug_macro   0x0000000000020fab      0x1da Drivers/STM32L4xx_HAL_Driver/Src/stm32l4xx_hal_tim.o
 .debug_macro   0x0000000000021185      0x1d9 Drivers/STM32L4xx_HAL_Driver/Src/stm32l4xx_hal_tim_ex.o
 .debug_macro   0x000000000002135e      0x204 Drivers/STM32L4xx_HAL_Driver/Src/stm32l4xx_hal_uart.o

.debug_line     0x0000000000000000     0xc608
 .debug_line    0x0000000000000000      0x704 Core/Src/gpio.o
 .debug_line    0x0000000000000704      0x9d7 Core/Src/main.o
 .debug_line    0x00000000000010db      0x6f3 Core/Src/stm32l4xx_hal_msp.o
 .debug_line    0x00000000000017ce      0x797 Core/Src/stm32l4xx_it.o
 .debug_line    0x0000000000001f65      0x71e Core/Src/system_stm32l4xx.o
 .debug_line    0x0000000000002683      0x759 Core/Src/tim.o
 .debug_line    0x0000000000002ddc      0x72f Core/Src/usart.o
 .debug_line    0x000000000000350b       0x87 Core/Startup/startup_stm32l432kcux.o
 .debug_line    0x0000000000003592      0x934 Drivers/STM32L4xx_HAL_Driver/Src/stm32l4xx_hal.o
 .debug_line    0x0000000000003ec6      0xa1c Drivers/STM32L4xx_HAL_Driver/Src/stm32l4xx_hal_cortex.o
 .debug_line    0x00000000000048e2      0x85a Drivers/STM32L4xx_HAL_Driver/Src/stm32l4xx_hal_gpio.o
 .debug_line    0x000000000000513c      0x82e Drivers/STM32L4xx_HAL_Driver/Src/stm32l4xx_hal_pwr.o
 .debug_line    0x000000000000596a      0xa21 Drivers/STM32L4xx_HAL_Driver/Src/stm32l4xx_hal_pwr_ex.o
 .debug_line    0x000000000000638b      0xa19 Drivers/STM32L4xx_HAL_Driver/Src/stm32l4xx_hal_rcc.o
 .debug_line    0x0000000000006da4      0xc1e Drivers/STM32L4xx_HAL_Driver/Src/stm32l4xx_hal_rcc_ex.o
 .debug_line    0x00000000000079c2     0x2587 Drivers/STM32L4xx_HAL_Driver/Src/stm32l4xx_hal_tim.o
 .debug_line    0x0000000000009f49     0x149b Drivers/STM32L4xx_HAL_Driver/Src/stm32l4xx_hal_tim_ex.o
 .debug_line    0x000000000000b3e4     0x1224 Drivers/STM32L4xx_HAL_Driver/Src/stm32l4xx_hal_uart.o

.debug_str      0x0000000000000000    0xcb7d7
 .debug_str     0x0000000000000000    0xc26be Core/Src/gpio.o
                                      0xc2997 (size before relaxing)
 .debug_str     0x00000000000c26be     0x53d8 Core/Src/main.o
                                      0xc7e77 (size before relaxing)
 .debug_str     0x00000000000c7a96       0x2c Core/Src/stm32l4xx_hal_msp.o
                                      0xc28fc (size before relaxing)
 .debug_str     0x00000000000c7ac2       0xbd Core/Src/stm32l4xx_it.o
                                      0xc283a (size before relaxing)
 .debug_str     0x00000000000c7b7f       0xcd Core/Src/system_stm32l4xx.o
                                      0xc2891 (size before relaxing)
 .debug_str     0x00000000000c7c4c      0x190 Core/Src/tim.o
                                      0xc3046 (size before relaxing)
 .debug_str     0x00000000000c7ddc       0x57 Core/Src/usart.o
                                      0xc2d5f (size before relaxing)
 .debug_str     0x00000000000c7e33       0x36 Core/Startup/startup_stm32l432kcux.o
                                         0x5d (size before relaxing)
 .debug_str     0x00000000000c7e69      0x860 Drivers/STM32L4xx_HAL_Driver/Src/stm32l4xx_hal.o
                                      0xc316f (size before relaxing)
 .debug_str     0x00000000000c86c9      0x389 Drivers/STM32L4xx_HAL_Driver/Src/stm32l4xx_hal_cortex.o
                                      0xc2fcc (size before relaxing)
 .debug_str     0x00000000000c8a52      0x236 Drivers/STM32L4xx_HAL_Driver/Src/stm32l4xx_hal_gpio.o
                                      0xc2b0b (size before relaxing)
 .debug_str     0x00000000000c8c88      0x2d9 Drivers/STM32L4xx_HAL_Driver/Src/stm32l4xx_hal_pwr.o
                                      0xc2b87 (size before relaxing)
 .debug_str     0x00000000000c8f61      0x3fc Drivers/STM32L4xx_HAL_Driver/Src/stm32l4xx_hal_pwr_ex.o
                                      0xc2d34 (size before relaxing)
 .debug_str     0x00000000000c935d      0x395 Drivers/STM32L4xx_HAL_Driver/Src/stm32l4xx_hal_rcc.o
                                      0xc2e0d (size before relaxing)
 .debug_str     0x00000000000c96f2      0x527 Drivers/STM32L4xx_HAL_Driver/Src/stm32l4xx_hal_rcc_ex.o
                                      0xc3085 (size before relaxing)
 .debug_str     0x00000000000c9c19      0xe0f Drivers/STM32L4xx_HAL_Driver/Src/stm32l4xx_hal_tim.o
                                      0xc3b16 (size before relaxing)
 .debug_str     0x00000000000caa28      0x569 Drivers/STM32L4xx_HAL_Driver/Src/stm32l4xx_hal_tim_ex.o
                                      0xc340a (size before relaxing)
 .debug_str     0x00000000000caf91      0x846 Drivers/STM32L4xx_HAL_Driver/Src/stm32l4xx_hal_uart.o
                                      0xc3448 (size before relaxing)

.comment        0x0000000000000000       0x7b
 .comment       0x0000000000000000       0x7b Core/Src/gpio.o
                                         0x7c (size before relaxing)
 .comment       0x000000000000007b       0x7c Core/Src/main.o
 .comment       0x000000000000007b       0x7c Core/Src/stm32l4xx_hal_msp.o
 .comment       0x000000000000007b       0x7c Core/Src/stm32l4xx_it.o
 .comment       0x000000000000007b       0x7c Core/Src/system_stm32l4xx.o
 .comment       0x000000000000007b       0x7c Core/Src/tim.o
 .comment       0x000000000000007b       0x7c Core/Src/usart.o
 .comment       0x000000000000007b       0x7c Drivers/STM32L4xx_HAL_Driver/Src/stm32l4xx_hal.o
 .comment       0x000000000000007b       0x7c Drivers/STM32L4xx_HAL_Driver/Src/stm32l4xx_hal_cortex.o
 .comment       0x000000000000007b       0x7c Drivers/STM32L4xx_HAL_Driver/Src/stm32l4xx_hal_gpio.o
 .comment       0x000000000000007b       0x7c Drivers/STM32L4xx_HAL_Driver/Src/stm32l4xx_hal_pwr.o
 .comment       0x000000000000007b       0x7c Drivers/STM32L4xx_HAL_Driver/Src/stm32l4xx_hal_pwr_ex.o
 .comment       0x000000000000007b       0x7c Drivers/STM32L4xx_HAL_Driver/Src/stm32l4xx_hal_rcc.o
 .comment       0x000000000000007b       0x7c Drivers/STM32L4xx_HAL_Driver/Src/stm32l4xx_hal_rcc_ex.o
 .comment       0x000000000000007b       0x7c Drivers/STM32L4xx_HAL_Driver/Src/stm32l4xx_hal_tim.o
 .comment       0x000000000000007b       0x7c Drivers/STM32L4xx_HAL_Driver/Src/stm32l4xx_hal_tim_ex.o
 .comment       0x000000000000007b       0x7c Drivers/STM32L4xx_HAL_Driver/Src/stm32l4xx_hal_uart.o

.debug_frame    0x0000000000000000     0x3dcc
 .debug_frame   0x0000000000000000       0x34 Core/Src/gpio.o
 .debug_frame   0x0000000000000034       0x7c Core/Src/main.o
 .debug_frame   0x00000000000000b0       0x38 Core/Src/stm32l4xx_hal_msp.o
 .debug_frame   0x00000000000000e8      0x10c Core/Src/stm32l4xx_it.o
 .debug_frame   0x00000000000001f4       0x58 Core/Src/system_stm32l4xx.o
 .debug_frame   0x000000000000024c       0xa8 Core/Src/tim.o
 .debug_frame   0x00000000000002f4       0x74 Core/Src/usart.o
 .debug_frame   0x0000000000000368      0x3dc Drivers/STM32L4xx_HAL_Driver/Src/stm32l4xx_hal.o
 .debug_frame   0x0000000000000744      0x498 Drivers/STM32L4xx_HAL_Driver/Src/stm32l4xx_hal_cortex.o
 .debug_frame   0x0000000000000bdc      0x14c Drivers/STM32L4xx_HAL_Driver/Src/stm32l4xx_hal_gpio.o
 .debug_frame   0x0000000000000d28      0x230 Drivers/STM32L4xx_HAL_Driver/Src/stm32l4xx_hal_pwr.o
 .debug_frame   0x0000000000000f58      0x4a4 Drivers/STM32L4xx_HAL_Driver/Src/stm32l4xx_hal_pwr_ex.o
 .debug_frame   0x00000000000013fc      0x1f4 Drivers/STM32L4xx_HAL_Driver/Src/stm32l4xx_hal_rcc.o
 .debug_frame   0x00000000000015f0      0x3d0 Drivers/STM32L4xx_HAL_Driver/Src/stm32l4xx_hal_rcc_ex.o
 .debug_frame   0x00000000000019c0     0x121c Drivers/STM32L4xx_HAL_Driver/Src/stm32l4xx_hal_tim.o
 .debug_frame   0x0000000000002bdc      0x6b0 Drivers/STM32L4xx_HAL_Driver/Src/stm32l4xx_hal_tim_ex.o
 .debug_frame   0x000000000000328c      0x974 Drivers/STM32L4xx_HAL_Driver/Src/stm32l4xx_hal_uart.o
 .debug_frame   0x0000000000003c00       0x2c c:/st/stm32cubeide_1.4.0/stm32cubeide/plugins/com.st.stm32cube.ide.mcu.externaltools.gnu-tools-for-stm32.7-2018-q2-update.win32_1.4.0.202007081208/tools/bin/../lib/gcc/arm-none-eabi/7.3.1/../../../../arm-none-eabi/lib/thumb/v7e-m/fpv4-sp/hard\libc_nano.a(lib_a-init.o)
 .debug_frame   0x0000000000003c2c       0x20 c:/st/stm32cubeide_1.4.0/stm32cubeide/plugins/com.st.stm32cube.ide.mcu.externaltools.gnu-tools-for-stm32.7-2018-q2-update.win32_1.4.0.202007081208/tools/bin/../lib/gcc/arm-none-eabi/7.3.1/../../../../arm-none-eabi/lib/thumb/v7e-m/fpv4-sp/hard\libc_nano.a(lib_a-memset.o)
 .debug_frame   0x0000000000003c4c       0xac c:/st/stm32cubeide_1.4.0/stm32cubeide/plugins/com.st.stm32cube.ide.mcu.externaltools.gnu-tools-for-stm32.7-2018-q2-update.win32_1.4.0.202007081208/tools/bin/../lib/gcc/arm-none-eabi/7.3.1/thumb/v7e-m/fpv4-sp/hard\libgcc.a(_arm_addsubdf3.o)
 .debug_frame   0x0000000000003cf8       0x50 c:/st/stm32cubeide_1.4.0/stm32cubeide/plugins/com.st.stm32cube.ide.mcu.externaltools.gnu-tools-for-stm32.7-2018-q2-update.win32_1.4.0.202007081208/tools/bin/../lib/gcc/arm-none-eabi/7.3.1/thumb/v7e-m/fpv4-sp/hard\libgcc.a(_arm_muldivdf3.o)
 .debug_frame   0x0000000000003d48       0x24 c:/st/stm32cubeide_1.4.0/stm32cubeide/plugins/com.st.stm32cube.ide.mcu.externaltools.gnu-tools-for-stm32.7-2018-q2-update.win32_1.4.0.202007081208/tools/bin/../lib/gcc/arm-none-eabi/7.3.1/thumb/v7e-m/fpv4-sp/hard\libgcc.a(_arm_fixunsdfsi.o)
 .debug_frame   0x0000000000003d6c       0x2c c:/st/stm32cubeide_1.4.0/stm32cubeide/plugins/com.st.stm32cube.ide.mcu.externaltools.gnu-tools-for-stm32.7-2018-q2-update.win32_1.4.0.202007081208/tools/bin/../lib/gcc/arm-none-eabi/7.3.1/thumb/v7e-m/fpv4-sp/hard\libgcc.a(_aeabi_uldivmod.o)
 .debug_frame   0x0000000000003d98       0x34 c:/st/stm32cubeide_1.4.0/stm32cubeide/plugins/com.st.stm32cube.ide.mcu.externaltools.gnu-tools-for-stm32.7-2018-q2-update.win32_1.4.0.202007081208/tools/bin/../lib/gcc/arm-none-eabi/7.3.1/thumb/v7e-m/fpv4-sp/hard\libgcc.a(_udivmoddi4.o)
